<html>
<body>
<pre>
<h1>µVision Build Log</h1>
<h2>Project:</h2>
D:\gm\LX\keil\as5600-set\1.uvproj
Project File Date:  02/19/2016

<h2>Output:</h2>
Rebuild target 'Target 1'
compiling core_cm3.c...
compiling system_stm32f10x.c...
compiling misc.c...
compiling stm32f10x_gpio.c...
compiling stm32f10x_i2c.c...
compiling stm32f10x_rcc.c...
compiling stm32f10x_rtc.c...
compiling stm32f10x_tim.c...
compiling stm32f10x_usart.c...
assembling startup_stm32f10x_md.s...
compiling delay.c...
compiling I2C.c...
compiling mpu6050.c...
compiling sys.c...
compiling usart.c...
compiling main.c...
compiling stm32f10x_it.c...
linking...
Program Size: Code=4216 RO-data=268 RW-data=48 ZI-data=1832  
FromELF: creating hex file...
".\Objects\1.axf" - 0 Error(s), 0 Warning(s).
Load "D:\\gm\\LX\\keil\\as5600-set\\Objects\\1.axf" 
Internal DLL Error
Error: Flash Download failed  -  Target DLL has been cancelled
Load "D:\\gm\\LX\\keil\\as5600-set\\Objects\\1.axf" 
Internal DLL Error
Error: Flash Download failed  -  Target DLL has been cancelled
